// Jest Snapshot v1, https://goo.gl/fbAQLP

exports[`RestaurantCard component should render 1`] = `
.c0 {
  display: -webkit-box;
  display: -webkit-flex;
  display: -ms-flexbox;
  display: flex;
  -webkit-flex-direction: column;
  -ms-flex-direction: column;
  flex-direction: column;
  -webkit-text-decoration: none;
  text-decoration: none;
}

.c1 {
  height: 0;
  margin: 0 0 0.5rem;
  overflow: hidden;
  padding-top: calc(0.5625 * 100%);
  position: relative;
}

.c2 {
  left: 0;
  position: absolute;
  top: 0;
  width: 100%;
  height: 100%;
}

.c3 {
  color: #2e3333;
  font-size: 1.375rem;
  font-weight: 500;
  margin: 0 0 5px;
}

.c4 {
  color: #828585;
  display: -webkit-box;
  display: -webkit-flex;
  display: -ms-flexbox;
  display: flex;
  -webkit-flex-wrap: wrap;
  -ms-flex-wrap: wrap;
  flex-wrap: wrap;
  font-size: 14px;
  list-style: none;
  margin: 0;
  padding: 0;
}

.c5 {
  margin: 0 0.5rem;
}

<a
  class="c0"
  href="https://deliveroo.co.uk/menu/london/bank/burrito-kitchen-cheapside"
  rel="noopener noreferrer"
  target="_blank"
>
  <div
    class="c1"
  >
    <img
      alt="Burrito Kitchen"
      class="c2"
      src="https://f.roocdn.com/images/menus/25785/header-image.jpg?width=360&height=200&auto=webp&format=jpg&fit=crop&v=1477308353"
    />
  </div>
  <h5
    class="c3"
  >
    Burrito Kitchen
  </h5>
  <ul
    class="c4"
  >
    <li>
      Mexican
    </li>
    <span
      class="c5"
    >
      ·
    </span>
    <li>
      Burritos
    </li>
    <span
      class="c5"
    >
      ·
    </span>
    <li>
      Halal
    </li>
    <span
      class="c5"
    >
      ·
    </span>
    ££
  </ul>
</a>
`;
