// Jest Snapshot v1, https://goo.gl/fbAQLP

exports[`Navbar component should render 1`] = `
.c0 {
  -webkit-align-items: center;
  -webkit-box-align: center;
  -ms-flex-align: center;
  align-items: center;
  box-sizing: border-box;
  display: -webkit-box;
  display: -webkit-flex;
  display: -ms-flexbox;
  display: flex;
  height: 48px;
  -webkit-box-pack: justify;
  -webkit-justify-content: space-between;
  -ms-flex-pack: justify;
  justify-content: space-between;
  max-width: 1126px;
  padding: 0 1rem;
  width: 100%;
}

.c1 {
  -webkit-align-items: center;
  -webkit-box-align: center;
  -ms-flex-align: center;
  align-items: center;
  display: -webkit-box;
  display: -webkit-flex;
  display: -ms-flexbox;
  display: flex;
}

<div
  class="c0"
>
  <img
    alt="deliveroo logo"
    data-testid="navbarSmallLogo"
    src="small-logo.svg"
  />
  <div
    class="c1"
  >
    <img
      alt="user icon"
      src="user-icon.svg"
    />
  </div>
</div>
`;
