// Jest Snapshot v1, https://goo.gl/fbAQLP

exports[`App component should render 1`] = `
.c1 {
  -webkit-align-items: center;
  -webkit-box-align: center;
  -ms-flex-align: center;
  align-items: center;
  box-sizing: border-box;
  display: -webkit-box;
  display: -webkit-flex;
  display: -ms-flexbox;
  display: flex;
  height: 48px;
  -webkit-box-pack: justify;
  -webkit-justify-content: space-between;
  -ms-flex-pack: justify;
  justify-content: space-between;
  max-width: 1126px;
  padding: 0 1rem;
  width: 100%;
}

.c2 {
  -webkit-align-items: center;
  -webkit-box-align: center;
  -ms-flex-align: center;
  align-items: center;
  display: -webkit-box;
  display: -webkit-flex;
  display: -ms-flexbox;
  display: flex;
}

.c7 {
  background-color: #ffffff;
  border-radius: 3px;
  border: 0;
  color: #00a396;
  cursor: pointer;
  font-size: 1rem;
  padding: 11px 1rem;
}

.c3 {
  background-color: #00ccbc;
  box-sizing: border-box;
  display: -webkit-box;
  display: -webkit-flex;
  display: -ms-flexbox;
  display: flex;
  -webkit-box-pack: center;
  -webkit-justify-content: center;
  -ms-flex-pack: center;
  justify-content: center;
  height: 177px;
  padding: 1.5rem 1rem;
  width: 100%;
}

.c4 {
  -webkit-align-items: flex-start;
  -webkit-box-align: flex-start;
  -ms-flex-align: flex-start;
  align-items: flex-start;
  display: -webkit-box;
  display: -webkit-flex;
  display: -ms-flexbox;
  display: flex;
  -webkit-flex-direction: column;
  -ms-flex-direction: column;
  flex-direction: column;
  -webkit-box-pack: justify;
  -webkit-justify-content: space-between;
  -ms-flex-pack: justify;
  justify-content: space-between;
  max-width: 1126px;
  width: 100%;
}

.c5 {
  font-size: 1rem;
  font-weight: 500;
  line-height: 1.375rem;
  margin: 0 0 2px;
  opacity: 50%;
}

.c6 {
  color: #ffffff;
  font-size: 2.125rem;
  font-weight: 500;
  margin: 0 0 1.25rem;
}

.c0 {
  -webkit-align-items: center;
  -webkit-box-align: center;
  -ms-flex-align: center;
  align-items: center;
  display: -webkit-box;
  display: -webkit-flex;
  display: -ms-flexbox;
  display: flex;
  -webkit-flex-direction: column;
  -ms-flex-direction: column;
  flex-direction: column;
}

<div
  class="c0"
>
  <div
    class="c1"
  >
    <img
      alt="deliveroo logo"
      data-testid="navbarSmallLogo"
      src="small-logo.svg"
    />
    <div
      class="c2"
    >
      <img
        alt="user icon"
        src="user-icon.svg"
      />
    </div>
  </div>
  <div
    class="c3"
  >
    <div
      class="c4"
    >
      <div>
        <h4
          class="c5"
        >
          Location
        </h4>
        <h5
          class="c6"
        >
          Fitzrovia
        </h5>
      </div>
      <button
        class="c7"
        type="button"
      >
        Change Location
      </button>
    </div>
  </div>
</div>
`;
