// Jest Snapshot v1, https://goo.gl/fbAQLP

exports[`App component should render 1`] = `
.c1 {
  -webkit-align-items: center;
  -webkit-box-align: center;
  -ms-flex-align: center;
  align-items: center;
  box-sizing: border-box;
  display: -webkit-box;
  display: -webkit-flex;
  display: -ms-flexbox;
  display: flex;
  height: 48px;
  -webkit-box-pack: justify;
  -webkit-justify-content: space-between;
  -ms-flex-pack: justify;
  justify-content: space-between;
  max-width: 1126px;
  padding: 0 1rem;
  width: 100%;
}

.c2 {
  -webkit-align-items: center;
  -webkit-box-align: center;
  -ms-flex-align: center;
  align-items: center;
  display: -webkit-box;
  display: -webkit-flex;
  display: -ms-flexbox;
  display: flex;
}

.c7 {
  background-color: #ffffff;
  border-radius: 3px;
  border: 0;
  color: #00a396;
  cursor: pointer;
  font-size: 1rem;
  padding: 11px 1rem;
}

.c3 {
  background-color: #00ccbc;
  box-sizing: border-box;
  display: -webkit-box;
  display: -webkit-flex;
  display: -ms-flexbox;
  display: flex;
  height: 177px;
  -webkit-box-pack: center;
  -webkit-justify-content: center;
  -ms-flex-pack: center;
  justify-content: center;
  padding: 1.5rem 1rem;
  width: 100%;
}

.c4 {
  -webkit-align-items: flex-start;
  -webkit-box-align: flex-start;
  -ms-flex-align: flex-start;
  align-items: flex-start;
  display: -webkit-box;
  display: -webkit-flex;
  display: -ms-flexbox;
  display: flex;
  -webkit-flex-direction: column;
  -ms-flex-direction: column;
  flex-direction: column;
  -webkit-box-pack: justify;
  -webkit-justify-content: space-between;
  -ms-flex-pack: justify;
  justify-content: space-between;
  max-width: 1126px;
  width: 100%;
}

.c5 {
  font-size: 1rem;
  font-weight: 500;
  line-height: 1.375rem;
  margin: 0 0 2px;
  opacity: 50%;
}

.c6 {
  color: #ffffff;
  font-size: 2.125rem;
  font-weight: 500;
  margin: 0 0 1.25rem;
}

.c9 {
  display: -webkit-box;
  display: -webkit-flex;
  display: -ms-flexbox;
  display: flex;
  -webkit-flex-direction: column;
  -ms-flex-direction: column;
  flex-direction: column;
  -webkit-text-decoration: none;
  text-decoration: none;
}

.c10 {
  height: 0;
  margin: 0 0 0.5rem;
  overflow: hidden;
  padding-top: calc(0.5625 * 100%);
  position: relative;
}

.c11 {
  left: 0;
  position: absolute;
  top: 0;
  width: 100%;
  height: 100%;
}

.c12 {
  color: #2e3333;
  font-size: 1.375rem;
  font-weight: 500;
  margin: 0 0 5px;
}

.c13 {
  color: #828585;
  display: -webkit-box;
  display: -webkit-flex;
  display: -ms-flexbox;
  display: flex;
  -webkit-flex-wrap: wrap;
  -ms-flex-wrap: wrap;
  flex-wrap: wrap;
  font-size: 14px;
  list-style: none;
  margin: 0;
  padding: 0;
}

.c14 {
  margin: 0 0.5rem;
}

.c8 {
  display: grid;
  grid-column-gap: 2rem;
  grid-row-gap: 24px;
  grid-template-columns: repeat(auto-fill,minmax(270px,1fr));
  max-width: 1126px;
  padding: 1rem;
  width: 100%;
}

.c0 {
  -webkit-align-items: center;
  -webkit-box-align: center;
  -ms-flex-align: center;
  align-items: center;
  display: -webkit-box;
  display: -webkit-flex;
  display: -ms-flexbox;
  display: flex;
  -webkit-flex-direction: column;
  -ms-flex-direction: column;
  flex-direction: column;
}

@media (min-width:768px) {
  .c1 {
    height: 60px;
  }
}

@media (min-width:1126px) {
  .c1 {
    padding: 0;
  }
}

@media (min-width:768px) {
  .c3 {
    height: 156px;
  }
}

@media (min-width:768px) {
  .c4 {
    -webkit-align-items: center;
    -webkit-box-align: center;
    -ms-flex-align: center;
    align-items: center;
    -webkit-flex-direction: row;
    -ms-flex-direction: row;
    flex-direction: row;
  }
}

@media (min-width:768px) {
  .c6 {
    margin: 0;
  }
}

@media (min-width:768px) {
  .c8 {
    padding: 0 1rem;
  }
}

@media (min-width:1126px) {
  .c8 {
    padding: 0;
  }
}

<div
  class="c0"
>
  <div
    class="c1"
  >
    <img
      alt="deliveroo logo"
      data-testid="navbarSmallLogo"
      src="small-logo.svg"
    />
    <div
      class="c2"
    >
      <img
        alt="user icon"
        src="user-icon.svg"
      />
    </div>
  </div>
  <div
    class="c3"
  >
    <div
      class="c4"
    >
      <div>
        <h4
          class="c5"
        >
          Location
        </h4>
        <h5
          class="c6"
        >
          Fitzrovia
        </h5>
      </div>
      <button
        class="c7"
        type="button"
      >
        Change Location
      </button>
    </div>
  </div>
  <div
    class="c8"
  >
    <a
      class="c9"
      href="https://deliveroo.co.uk/menu/london/bank/burrito-kitchen-cheapside"
      rel="noopener noreferrer"
      target="_blank"
    >
      <div
        class="c10"
      >
        <img
          alt="Burrito Kitchen"
          class="c11"
          src="https://f.roocdn.com/images/menus/25785/header-image.jpg?width=360&height=200&auto=webp&format=jpg&fit=crop&v=1477308353"
        />
      </div>
      <h5
        class="c12"
      >
        Burrito Kitchen
      </h5>
      <ul
        class="c13"
      >
        <li>
          Mexican
        </li>
        <span
          class="c14"
        >
          ·
        </span>
        <li>
          Burritos
        </li>
        <span
          class="c14"
        >
          ·
        </span>
        <li>
          Halal
        </li>
        <span
          class="c14"
        >
          ·
        </span>
        ££
      </ul>
    </a>
    <a
      class="c9"
      href="https://deliveroo.co.uk/menu/london/the-city/pure-gracechurch-st"
      rel="noopener noreferrer"
      target="_blank"
    >
      <div
        class="c10"
      >
        <img
          alt="Pure"
          class="c11"
          src="https://f.roocdn.com/images/menus/52101/header-image.jpg?width=360&height=200&auto=webp&format=jpg&fit=crop&v=1515776356"
        />
      </div>
      <h5
        class="c12"
      >
        Pure
      </h5>
      <ul
        class="c13"
      >
        <li>
          Salads
        </li>
        <span
          class="c14"
        >
          ·
        </span>
        <li>
          Gluten Free
        </li>
        <span
          class="c14"
        >
          ·
        </span>
        <li>
          Smoothies
        </li>
        <span
          class="c14"
        >
          ·
        </span>
        ££
      </ul>
    </a>
    <a
      class="c9"
      href="https://deliveroo.co.uk/menu/london/liverpool-street/street-kitchen-broadgate-circle"
      rel="noopener noreferrer"
      target="_blank"
    >
      <div
        class="c10"
      >
        <img
          alt="Street Kitchen Shop"
          class="c11"
          src="https://f.roocdn.com/images/menus/3512/header-image.jpg?width=360&height=200&auto=webp&format=jpg&fit=crop&v=1473408780"
        />
      </div>
      <h5
        class="c12"
      >
        Street Kitchen Shop
      </h5>
      <ul
        class="c13"
      >
        <li>
          British
        </li>
        <span
          class="c14"
        >
          ·
        </span>
        <li>
          Sandwiches
        </li>
        <span
          class="c14"
        >
          ·
        </span>
        <li>
          Dessert
        </li>
        <span
          class="c14"
        >
          ·
        </span>
        <li>
          Pastry
        </li>
        <span
          class="c14"
        >
          ·
        </span>
        £
      </ul>
    </a>
    <a
      class="c9"
      href="https://deliveroo.co.uk/menu/london/spitalfields/byron-spitalfields"
      rel="noopener noreferrer"
      target="_blank"
    >
      <div
        class="c10"
      >
        <img
          alt="Byron"
          class="c11"
          src="https://f.roocdn.com/images/menus/20365/header-image.jpg?width=360&height=200&auto=webp&format=jpg&fit=crop&v=1498819504"
        />
      </div>
      <h5
        class="c12"
      >
        Byron
      </h5>
      <ul
        class="c13"
      >
        <li>
          American
        </li>
        <span
          class="c14"
        >
          ·
        </span>
        <li>
          British
        </li>
        <span
          class="c14"
        >
          ·
        </span>
        <li>
          Burgers
        </li>
        <span
          class="c14"
        >
          ·
        </span>
        ££
      </ul>
    </a>
    <a
      class="c9"
      href="https://deliveroo.co.uk/menu/london/whitechapel/the-indian-butler"
      rel="noopener noreferrer"
      target="_blank"
    >
      <div
        class="c10"
      >
        <img
          alt="The Indian Butler"
          class="c11"
          src="https://f.roocdn.com/images/menus/48866/header-image.jpg?width=360&height=200&auto=webp&format=jpg&fit=crop&v=1510744707"
        />
      </div>
      <h5
        class="c12"
      >
        The Indian Butler
      </h5>
      <ul
        class="c13"
      >
        <li>
          Indian
        </li>
        <span
          class="c14"
        >
          ·
        </span>
        <li>
          Tandoori 
        </li>
        <span
          class="c14"
        >
          ·
        </span>
        <li>
          Salads
        </li>
        <span
          class="c14"
        >
          ·
        </span>
        £
      </ul>
    </a>
    <a
      class="c9"
      href="https://deliveroo.co.uk/menu/london/brick-lane/meal-express"
      rel="noopener noreferrer"
      target="_blank"
    >
      <div
        class="c10"
      >
        <img
          alt="Meal Express"
          class="c11"
          src="https://f.roocdn.com/images/menu_tags/11/menu-tag-image.jpg?width=360&height=200&auto=webp&format=jpg&fit=crop&v="
        />
      </div>
      <h5
        class="c12"
      >
        Meal Express
      </h5>
      <ul
        class="c13"
      >
        <li>
          American
        </li>
        <span
          class="c14"
        >
          ·
        </span>
        <li>
          Chinese
        </li>
        <span
          class="c14"
        >
          ·
        </span>
        <li>
          Japanese
        </li>
        <span
          class="c14"
        >
          ·
        </span>
        <li>
          Burgers
        </li>
        <span
          class="c14"
        >
          ·
        </span>
        £
      </ul>
    </a>
    <a
      class="c9"
      href="https://deliveroo.co.uk/menu/london/hoxton/the-orange-buffalo"
      rel="noopener noreferrer"
      target="_blank"
    >
      <div
        class="c10"
      >
        <img
          alt="The Orange Buffalo @ The Hoxton Square Bar and Kitchen"
          class="c11"
          src="https://f.roocdn.com/images/menus/49540/header-image.jpg?width=360&height=200&auto=webp&format=jpg&fit=crop&v=1511022110"
        />
      </div>
      <h5
        class="c12"
      >
        The Orange Buffalo @ The Hoxton Square Bar and Kitchen
      </h5>
      <ul
        class="c13"
      >
        <li>
          American
        </li>
        <span
          class="c14"
        >
          ·
        </span>
        <li>
          Burgers
        </li>
        <span
          class="c14"
        >
          ·
        </span>
        <li>
          Chicken
        </li>
        <span
          class="c14"
        >
          ·
        </span>
        <li>
          Wings
        </li>
        <span
          class="c14"
        >
          ·
        </span>
        <li>
          Vegan
        </li>
        <span
          class="c14"
        >
          ·
        </span>
        ££
      </ul>
    </a>
    <a
      class="c9"
      href="https://deliveroo.co.uk/menu/london/bank/bleecker-bloomberg"
      rel="noopener noreferrer"
      target="_blank"
    >
      <div
        class="c10"
      >
        <img
          alt="Bleecker "
          class="c11"
          src="https://f.roocdn.com/images/menus/4314/header-image.jpg?width=360&height=200&auto=webp&format=jpg&fit=crop&v=1509696746"
        />
      </div>
      <h5
        class="c12"
      >
        Bleecker 
      </h5>
      <ul
        class="c13"
      >
        <li>
          American
        </li>
        <span
          class="c14"
        >
          ·
        </span>
        <li>
          Burgers
        </li>
        <span
          class="c14"
        >
          ·
        </span>
        <li>
          Milkshakes
        </li>
        <span
          class="c14"
        >
          ·
        </span>
        ££
      </ul>
    </a>
    <a
      class="c9"
      href="https://deliveroo.co.uk/menu/london/the-city/pure-philpot-lane-platters"
      rel="noopener noreferrer"
      target="_blank"
    >
      <div
        class="c10"
      >
        <img
          alt="Pure - Platters"
          class="c11"
          src="https://f.roocdn.com/images/menus/52142/header-image.jpg?width=360&height=200&auto=webp&format=jpg&fit=crop&v=1514908809"
        />
      </div>
      <h5
        class="c12"
      >
        Pure - Platters
      </h5>
      <ul
        class="c13"
      >
        <li>
          Breakfast
        </li>
        <span
          class="c14"
        >
          ·
        </span>
        £
      </ul>
    </a>
    <a
      class="c9"
      href="https://deliveroo.co.uk/menu/london/brick-lane/sushi-fresh"
      rel="noopener noreferrer"
      target="_blank"
    >
      <div
        class="c10"
      >
        <img
          alt="Sushi Fresh"
          class="c11"
          src="https://f.roocdn.com/images/menus/47600/header-image.jpg?width=360&height=200&auto=webp&format=jpg&fit=crop&v=1508504532"
        />
      </div>
      <h5
        class="c12"
      >
        Sushi Fresh
      </h5>
      <ul
        class="c13"
      >
        <li>
          Japanese
        </li>
        <span
          class="c14"
        >
          ·
        </span>
        <li>
          Sushi
        </li>
        <span
          class="c14"
        >
          ·
        </span>
        £
      </ul>
    </a>
    <a
      class="c9"
      href="https://deliveroo.co.uk/menu/london/brick-lane/tsubaki"
      rel="noopener noreferrer"
      target="_blank"
    >
      <div
        class="c10"
      >
        <img
          alt="Tsubaki"
          class="c11"
          src="https://f.roocdn.com/images/menus/37228/header-image.jpg?width=360&height=200&auto=webp&format=jpg&fit=crop&v=1494330069"
        />
      </div>
      <h5
        class="c12"
      >
        Tsubaki
      </h5>
      <ul
        class="c13"
      >
        <li>
          Japanese
        </li>
        <span
          class="c14"
        >
          ·
        </span>
        <li>
          Noodles
        </li>
        <span
          class="c14"
        >
          ·
        </span>
        <li>
          Sushi
        </li>
        <span
          class="c14"
        >
          ·
        </span>
        ££
      </ul>
    </a>
    <a
      class="c9"
      href="https://deliveroo.co.uk/menu/london/brick-lane/mr-burger"
      rel="noopener noreferrer"
      target="_blank"
    >
      <div
        class="c10"
      >
        <img
          alt="Mr Burger"
          class="c11"
          src="https://f.roocdn.com/images/menus/44005/header-image.jpg?width=360&height=200&auto=webp&format=jpg&fit=crop&v=1505727403"
        />
      </div>
      <h5
        class="c12"
      >
        Mr Burger
      </h5>
      <ul
        class="c13"
      >
        <li>
          Burgers
        </li>
        <span
          class="c14"
        >
          ·
        </span>
        <li>
          American
        </li>
        <span
          class="c14"
        >
          ·
        </span>
        ££
      </ul>
    </a>
    <a
      class="c9"
      href="https://deliveroo.co.uk/menu/london/brick-lane/daddy-monkey"
      rel="noopener noreferrer"
      target="_blank"
    >
      <div
        class="c10"
      >
        <img
          alt="Daddy Monkey"
          class="c11"
          src="https://f.roocdn.com/images/menus/50617/header-image.jpg?width=360&height=200&auto=webp&format=jpg&fit=crop&v=1512733037"
        />
      </div>
      <h5
        class="c12"
      >
        Daddy Monkey
      </h5>
      <ul
        class="c13"
      >
        <li>
          Oriental
        </li>
        <span
          class="c14"
        >
          ·
        </span>
        <li>
          Chinese
        </li>
        <span
          class="c14"
        >
          ·
        </span>
        <li>
          Lunch
        </li>
        <span
          class="c14"
        >
          ·
        </span>
        £
      </ul>
    </a>
    <a
      class="c9"
      href="https://deliveroo.co.uk/menu/london/liverpool-street/beer-and-buns"
      rel="noopener noreferrer"
      target="_blank"
    >
      <div
        class="c10"
      >
        <img
          alt="Beer & Buns"
          class="c11"
          src="https://f.roocdn.com/images/menus/3339/header-image.jpg?width=360&height=200&auto=webp&format=jpg&fit=crop&v=1473408776"
        />
      </div>
      <h5
        class="c12"
      >
        Beer & Buns
      </h5>
      <ul
        class="c13"
      >
        <li>
          Japanese
        </li>
        <span
          class="c14"
        >
          ·
        </span>
        <li>
          Beer
        </li>
        <span
          class="c14"
        >
          ·
        </span>
        <li>
          Wings
        </li>
        <span
          class="c14"
        >
          ·
        </span>
        £
      </ul>
    </a>
    <a
      class="c9"
      href="https://deliveroo.co.uk/menu/london/old-street/new-east-house"
      rel="noopener noreferrer"
      target="_blank"
    >
      <div
        class="c10"
      >
        <img
          alt="New East House"
          class="c11"
          src="https://f.roocdn.com/images/menus/56986/header-image.jpg?width=360&height=200&auto=webp&format=jpg&fit=crop&v=1521047615"
        />
      </div>
      <h5
        class="c12"
      >
        New East House
      </h5>
      <ul
        class="c13"
      >
        <li>
          Chinese
        </li>
        <span
          class="c14"
        >
          ·
        </span>
        <li>
          Thai
        </li>
        <span
          class="c14"
        >
          ·
        </span>
        <li>
          Oriental
        </li>
        <span
          class="c14"
        >
          ·
        </span>
        ££
      </ul>
    </a>
    <a
      class="c9"
      href="https://deliveroo.co.uk/menu/london/old-street/cozzo"
      rel="noopener noreferrer"
      target="_blank"
    >
      <div
        class="c10"
      >
        <img
          alt="Cozzo"
          class="c11"
          src="https://f.roocdn.com/images/menus/54128/header-image.jpg?width=360&height=200&auto=webp&format=jpg&fit=crop&v=1517227346"
        />
      </div>
      <h5
        class="c12"
      >
        Cozzo
      </h5>
      <ul
        class="c13"
      >
        <li>
          Italian
        </li>
        <span
          class="c14"
        >
          ·
        </span>
        <li>
          Pasta
        </li>
        <span
          class="c14"
        >
          ·
        </span>
        <li>
          Pizza
        </li>
        <span
          class="c14"
        >
          ·
        </span>
        <li>
          Salads
        </li>
        <span
          class="c14"
        >
          ·
        </span>
        £
      </ul>
    </a>
    <a
      class="c9"
      href="https://deliveroo.co.uk/menu/london/old-street/thai-thai"
      rel="noopener noreferrer"
      target="_blank"
    >
      <div
        class="c10"
      >
        <img
          alt="Thai City"
          class="c11"
          src="https://f.roocdn.com/images/menus/3544/header-image.jpg?width=360&height=200&auto=webp&format=jpg&fit=crop&v=1518536007"
        />
      </div>
      <h5
        class="c12"
      >
        Thai City
      </h5>
      <ul
        class="c13"
      >
        <li>
          Thai
        </li>
        <span
          class="c14"
        >
          ·
        </span>
        <li>
          Curry
        </li>
        <span
          class="c14"
        >
          ·
        </span>
        <li>
          Noodles
        </li>
        <span
          class="c14"
        >
          ·
        </span>
        <li>
          Stir Fry
        </li>
        <span
          class="c14"
        >
          ·
        </span>
        £
      </ul>
    </a>
    <a
      class="c9"
      href="https://deliveroo.co.uk/menu/london/brick-lane/pickled-fred"
      rel="noopener noreferrer"
      target="_blank"
    >
      <div
        class="c10"
      >
        <img
          alt="Pickled Fred"
          class="c11"
          src="https://f.roocdn.com/images/menus/49354/header-image.jpg?width=360&height=200&auto=webp&format=jpg&fit=crop&v=1513606666"
        />
      </div>
      <h5
        class="c12"
      >
        Pickled Fred
      </h5>
      <ul
        class="c13"
      >
        <li>
          Asian Fusion
        </li>
        <span
          class="c14"
        >
          ·
        </span>
        <li>
          Vegetarian
        </li>
        <span
          class="c14"
        >
          ·
        </span>
        <li>
          Gluten Free 
        </li>
        <span
          class="c14"
        >
          ·
        </span>
        £££
      </ul>
    </a>
    <a
      class="c9"
      href="https://deliveroo.co.uk/menu/london/the-city/the-india"
      rel="noopener noreferrer"
      target="_blank"
    >
      <div
        class="c10"
      >
        <img
          alt="The India"
          class="c11"
          src="https://f.roocdn.com/images/menus/6785/header-image.jpg?width=360&height=200&auto=webp&format=jpg&fit=crop&v=1516883372"
        />
      </div>
      <h5
        class="c12"
      >
        The India
      </h5>
      <ul
        class="c13"
      >
        <li>
          Indian
        </li>
        <span
          class="c14"
        >
          ·
        </span>
        <li>
          Curry
        </li>
        <span
          class="c14"
        >
          ·
        </span>
        <li>
          Tandoori 
        </li>
        <span
          class="c14"
        >
          ·
        </span>
        ££
      </ul>
    </a>
    <a
      class="c9"
      href="https://deliveroo.co.uk/menu/london/the-city/k-place"
      rel="noopener noreferrer"
      target="_blank"
    >
      <div
        class="c10"
      >
        <img
          alt="K Place"
          class="c11"
          src="https://f.roocdn.com/images/menus/44110/header-image.jpg?width=360&height=200&auto=webp&format=jpg&fit=crop&v=1504542322"
        />
      </div>
      <h5
        class="c12"
      >
        K Place
      </h5>
      <ul
        class="c13"
      >
        <li>
          Korean
        </li>
        <span
          class="c14"
        >
          ·
        </span>
        <li>
          Bbq
        </li>
        <span
          class="c14"
        >
          ·
        </span>
        £
      </ul>
    </a>
    <a
      class="c9"
      href="https://deliveroo.co.uk/menu/london/the-city/k10"
      rel="noopener noreferrer"
      target="_blank"
    >
      <div
        class="c10"
      >
        <img
          alt="K10"
          class="c11"
          src="https://f.roocdn.com/images/menus/314/header-image.jpg?width=360&height=200&auto=webp&format=jpg&fit=crop&v=1521648675"
        />
      </div>
      <h5
        class="c12"
      >
        K10
      </h5>
      <ul
        class="c13"
      >
        <li>
          Japanese
        </li>
        <span
          class="c14"
        >
          ·
        </span>
        <li>
          Sushi
        </li>
        <span
          class="c14"
        >
          ·
        </span>
        <li>
          Chicken
        </li>
        <span
          class="c14"
        >
          ·
        </span>
        <li>
          Fish
        </li>
        <span
          class="c14"
        >
          ·
        </span>
        ££
      </ul>
    </a>
    <a
      class="c9"
      href="https://deliveroo.co.uk/menu/london/aldgate/thai-square-minories"
      rel="noopener noreferrer"
      target="_blank"
    >
      <div
        class="c10"
      >
        <img
          alt="Thai Square"
          class="c11"
          src="https://f.roocdn.com/images/menus/170/header-image.jpg?width=360&height=200&auto=webp&format=jpg&fit=crop&v=1491304415"
        />
      </div>
      <h5
        class="c12"
      >
        Thai Square
      </h5>
      <ul
        class="c13"
      >
        <li>
          Thai
        </li>
        <span
          class="c14"
        >
          ·
        </span>
        <li>
          Curry
        </li>
        <span
          class="c14"
        >
          ·
        </span>
        <li>
          Seafood
        </li>
        <span
          class="c14"
        >
          ·
        </span>
        <li>
          Vegetarian
        </li>
        <span
          class="c14"
        >
          ·
        </span>
        <li>
          Noodles
        </li>
        <span
          class="c14"
        >
          ·
        </span>
        ££
      </ul>
    </a>
    <a
      class="c9"
      href="https://deliveroo.co.uk/menu/london/aldgate/shikumen-aldgate"
      rel="noopener noreferrer"
      target="_blank"
    >
      <div
        class="c10"
      >
        <img
          alt="Shikumen "
          class="c11"
          src="https://f.roocdn.com/images/menus/43360/header-image.jpg?width=360&height=200&auto=webp&format=jpg&fit=crop&v=1503400850"
        />
      </div>
      <h5
        class="c12"
      >
        Shikumen 
      </h5>
      <ul
        class="c13"
      >
        <li>
          Chinese
        </li>
        <span
          class="c14"
        >
          ·
        </span>
        <li>
          Seafood
        </li>
        <span
          class="c14"
        >
          ·
        </span>
        ££
      </ul>
    </a>
    <a
      class="c9"
      href="https://deliveroo.co.uk/menu/london/liverpool-street/k10-appold-st"
      rel="noopener noreferrer"
      target="_blank"
    >
      <div
        class="c10"
      >
        <img
          alt="K10"
          class="c11"
          src="https://f.roocdn.com/images/menus/51078/header-image.jpg?width=360&height=200&auto=webp&format=jpg&fit=crop&v=1521648925"
        />
      </div>
      <h5
        class="c12"
      >
        K10
      </h5>
      <ul
        class="c13"
      >
        <li>
          Japanese
        </li>
        <span
          class="c14"
        >
          ·
        </span>
        <li>
          Sushi
        </li>
        <span
          class="c14"
        >
          ·
        </span>
        <li>
          Fish
        </li>
        <span
          class="c14"
        >
          ·
        </span>
        <li>
          Vegetarian
        </li>
        <span
          class="c14"
        >
          ·
        </span>
        ££
      </ul>
    </a>
    <a
      class="c9"
      href="https://deliveroo.co.uk/menu/london/spitalfields/hot-box"
      rel="noopener noreferrer"
      target="_blank"
    >
      <div
        class="c10"
      >
        <img
          alt="Hot Box"
          class="c11"
          src="https://f.roocdn.com/images/menus/3567/header-image.jpg?width=360&height=200&auto=webp&format=jpg&fit=crop&v=1516883262"
        />
      </div>
      <h5
        class="c12"
      >
        Hot Box
      </h5>
      <ul
        class="c13"
      >
        <li>
          American
        </li>
        <span
          class="c14"
        >
          ·
        </span>
        <li>
          Bbq
        </li>
        <span
          class="c14"
        >
          ·
        </span>
        ££
      </ul>
    </a>
    <a
      class="c9"
      href="https://deliveroo.co.uk/menu/london/whitechapel/the-empress-indian"
      rel="noopener noreferrer"
      target="_blank"
    >
      <div
        class="c10"
      >
        <img
          alt="The Empress Indian"
          class="c11"
          src="https://f.roocdn.com/images/menus/1307/header-image.jpg?width=360&height=200&auto=webp&format=jpg&fit=crop&v=1473408593"
        />
      </div>
      <h5
        class="c12"
      >
        The Empress Indian
      </h5>
      <ul
        class="c13"
      >
        <li>
          Indian
        </li>
        <span
          class="c14"
        >
          ·
        </span>
        <li>
          Curry
        </li>
        <span
          class="c14"
        >
          ·
        </span>
        ££
      </ul>
    </a>
    <a
      class="c9"
      href="https://deliveroo.co.uk/menu/london/old-street/ruby-murray"
      rel="noopener noreferrer"
      target="_blank"
    >
      <div
        class="c10"
      >
        <img
          alt="Ruby Murray"
          class="c11"
          src="https://f.roocdn.com/images/menus/51246/header-image.jpg?width=360&height=200&auto=webp&format=jpg&fit=crop&v=1516184221"
        />
      </div>
      <h5
        class="c12"
      >
        Ruby Murray
      </h5>
      <ul
        class="c13"
      >
        <li>
          Indian
        </li>
        <span
          class="c14"
        >
          ·
        </span>
        <li>
          Curry
        </li>
        <span
          class="c14"
        >
          ·
        </span>
        <li>
          Vegetarian
        </li>
        <span
          class="c14"
        >
          ·
        </span>
        £
      </ul>
    </a>
    <a
      class="c9"
      href="https://deliveroo.co.uk/menu/london/spitalfields/sakana-sushi-east-central"
      rel="noopener noreferrer"
      target="_blank"
    >
      <div
        class="c10"
      >
        <img
          alt="Sakana Sushi "
          class="c11"
          src="https://f.roocdn.com/images/menu_tags/11/menu-tag-image.jpg?width=360&height=200&auto=webp&format=jpg&fit=crop&v="
        />
      </div>
      <h5
        class="c12"
      >
        Sakana Sushi 
      </h5>
      <ul
        class="c13"
      >
        <li>
          Japanese
        </li>
        <span
          class="c14"
        >
          ·
        </span>
        <li>
          Sushi
        </li>
        <span
          class="c14"
        >
          ·
        </span>
        £
      </ul>
    </a>
    <a
      class="c9"
      href="https://deliveroo.co.uk/menu/london/spitalfields/gunpowder"
      rel="noopener noreferrer"
      target="_blank"
    >
      <div
        class="c10"
      >
        <img
          alt="Gunpowder"
          class="c11"
          src="https://f.roocdn.com/images/menus/16548/header-image.jpg?width=360&height=200&auto=webp&format=jpg&fit=crop&v=1473409071"
        />
      </div>
      <h5
        class="c12"
      >
        Gunpowder
      </h5>
      <ul
        class="c13"
      >
        <li>
          Indian
        </li>
        <span
          class="c14"
        >
          ·
        </span>
        <li>
          Tandoori 
        </li>
        <span
          class="c14"
        >
          ·
        </span>
        ££
      </ul>
    </a>
    <a
      class="c9"
      href="https://deliveroo.co.uk/menu/london/whitechapel/red-chilli"
      rel="noopener noreferrer"
      target="_blank"
    >
      <div
        class="c10"
      >
        <img
          alt="Red Chilli"
          class="c11"
          src="https://f.roocdn.com/images/menus/3876/header-image.jpg?width=360&height=200&auto=webp&format=jpg&fit=crop&v=1473408796"
        />
      </div>
      <h5
        class="c12"
      >
        Red Chilli
      </h5>
      <ul
        class="c13"
      >
        <li>
          Indian
        </li>
        <span
          class="c14"
        >
          ·
        </span>
        <li>
          Curry
        </li>
        <span
          class="c14"
        >
          ·
        </span>
        <li>
          Vegetarian
        </li>
        <span
          class="c14"
        >
          ·
        </span>
        £
      </ul>
    </a>
    <a
      class="c9"
      href="https://deliveroo.co.uk/menu/london/shoreditch/sanjugo"
      rel="noopener noreferrer"
      target="_blank"
    >
      <div
        class="c10"
      >
        <img
          alt="Sanjugo"
          class="c11"
          src="https://f.roocdn.com/images/menus/49310/header-image.jpg?width=360&height=200&auto=webp&format=jpg&fit=crop&v=1511804129"
        />
      </div>
      <h5
        class="c12"
      >
        Sanjugo
      </h5>
      <ul
        class="c13"
      >
        <li>
          Japanese
        </li>
        <span
          class="c14"
        >
          ·
        </span>
        <li>
          Sushi
        </li>
        <span
          class="c14"
        >
          ·
        </span>
        ££
      </ul>
    </a>
    <a
      class="c9"
      href="https://deliveroo.co.uk/menu/london/the-city/hop-vietnamese-london-wall"
      rel="noopener noreferrer"
      target="_blank"
    >
      <div
        class="c10"
      >
        <img
          alt="HOP Vietnamese"
          class="c11"
          src="https://f.roocdn.com/images/menus/57092/header-image.jpg?width=360&height=200&auto=webp&format=jpg&fit=crop&v=1520589898"
        />
      </div>
      <h5
        class="c12"
      >
        HOP Vietnamese
      </h5>
      <ul
        class="c13"
      >
        <li>
          Pho
        </li>
        <span
          class="c14"
        >
          ·
        </span>
        <li>
          Vietnamese
        </li>
        <span
          class="c14"
        >
          ·
        </span>
        <li>
          Noodles
        </li>
        <span
          class="c14"
        >
          ·
        </span>
        <li>
          Pan Asian
        </li>
        <span
          class="c14"
        >
          ·
        </span>
        ££
      </ul>
    </a>
    <a
      class="c9"
      href="https://deliveroo.co.uk/menu/london/moorgate/the-fitness-chef"
      rel="noopener noreferrer"
      target="_blank"
    >
      <div
        class="c10"
      >
        <img
          alt="The Fitness Chef"
          class="c11"
          src="https://f.roocdn.com/images/menus/42189/header-image.jpg?width=360&height=200&auto=webp&format=jpg&fit=crop&v=1500946883"
        />
      </div>
      <h5
        class="c12"
      >
        The Fitness Chef
      </h5>
      <ul
        class="c13"
      >
        <li>
          Pasta
        </li>
        <span
          class="c14"
        >
          ·
        </span>
        <li>
          Breakfast
        </li>
        <span
          class="c14"
        >
          ·
        </span>
        <li>
          Smoothies
        </li>
        <span
          class="c14"
        >
          ·
        </span>
        £
      </ul>
    </a>
    <a
      class="c9"
      href="https://deliveroo.co.uk/menu/london/aldgate/mumbai-square"
      rel="noopener noreferrer"
      target="_blank"
    >
      <div
        class="c10"
      >
        <img
          alt="Mumbai Square"
          class="c11"
          src="https://f.roocdn.com/images/menus/41766/header-image.jpg?width=360&height=200&auto=webp&format=jpg&fit=crop&v=1500354953"
        />
      </div>
      <h5
        class="c12"
      >
        Mumbai Square
      </h5>
      <ul
        class="c13"
      >
        <li>
          Indian
        </li>
        <span
          class="c14"
        >
          ·
        </span>
        <li>
          Curry
        </li>
        <span
          class="c14"
        >
          ·
        </span>
        <li>
          Vegetarian
        </li>
        <span
          class="c14"
        >
          ·
        </span>
        ££
      </ul>
    </a>
    <a
      class="c9"
      href="https://deliveroo.co.uk/menu/london/spitalfields/kung-food"
      rel="noopener noreferrer"
      target="_blank"
    >
      <div
        class="c10"
      >
        <img
          alt="Kung Food (Liverpool Street)"
          class="c11"
          src="https://f.roocdn.com/images/menus/52826/header-image.jpg?width=360&height=200&auto=webp&format=jpg&fit=crop&v=1516256330"
        />
      </div>
      <h5
        class="c12"
      >
        Kung Food (Liverpool Street)
      </h5>
      <ul
        class="c13"
      >
        <li>
          Oriental
        </li>
        <span
          class="c14"
        >
          ·
        </span>
        <li>
          Chinese
        </li>
        <span
          class="c14"
        >
          ·
        </span>
        <li>
          Dim Sum
        </li>
        <span
          class="c14"
        >
          ·
        </span>
        ££
      </ul>
    </a>
    <a
      class="c9"
      href="https://deliveroo.co.uk/menu/london/spitalfields/canto-corvino"
      rel="noopener noreferrer"
      target="_blank"
    >
      <div
        class="c10"
      >
        <img
          alt="Canto Corvino"
          class="c11"
          src="https://f.roocdn.com/images/menus/54686/header-image.jpg?width=360&height=200&auto=webp&format=jpg&fit=crop&v=1517869804"
        />
      </div>
      <h5
        class="c12"
      >
        Canto Corvino
      </h5>
      <ul
        class="c13"
      >
        <li>
          Pasta
        </li>
        <span
          class="c14"
        >
          ·
        </span>
        <li>
          Drinks
        </li>
        <span
          class="c14"
        >
          ·
        </span>
        <li>
          Italian
        </li>
        <span
          class="c14"
        >
          ·
        </span>
        ££
      </ul>
    </a>
    <a
      class="c9"
      href="https://deliveroo.co.uk/menu/london/spitalfields/gul-and-sepoy"
      rel="noopener noreferrer"
      target="_blank"
    >
      <div
        class="c10"
      >
        <img
          alt="Gul & Sepoy"
          class="c11"
          src="https://f.roocdn.com/images/menu_tags/13/menu-tag-image.jpg?width=360&height=200&auto=webp&format=jpg&fit=crop&v="
        />
      </div>
      <h5
        class="c12"
      >
        Gul & Sepoy
      </h5>
      <ul
        class="c13"
      >
        <li>
          Curry
        </li>
        <span
          class="c14"
        >
          ·
        </span>
        <li>
          Indian
        </li>
        <span
          class="c14"
        >
          ·
        </span>
        <li>
          Vegetarian
        </li>
        <span
          class="c14"
        >
          ·
        </span>
        ££
      </ul>
    </a>
    <a
      class="c9"
      href="https://deliveroo.co.uk/menu/london/st-katharine-docks/mala-restaurant"
      rel="noopener noreferrer"
      target="_blank"
    >
      <div
        class="c10"
      >
        <img
          alt="Mala Restaurant"
          class="c11"
          src="https://f.roocdn.com/images/menus/55437/header-image.jpg?width=360&height=200&auto=webp&format=jpg&fit=crop&v=1520595050"
        />
      </div>
      <h5
        class="c12"
      >
        Mala Restaurant
      </h5>
      <ul
        class="c13"
      >
        <li>
          Curry
        </li>
        <span
          class="c14"
        >
          ·
        </span>
        <li>
          Indian
        </li>
        <span
          class="c14"
        >
          ·
        </span>
        £
      </ul>
    </a>
    <a
      class="c9"
      href="https://deliveroo.co.uk/menu/london/spitalfields/madame-ds"
      rel="noopener noreferrer"
      target="_blank"
    >
      <div
        class="c10"
      >
        <img
          alt="Madame D's"
          class="c11"
          src="https://f.roocdn.com/images/menus/38395/header-image.jpg?width=360&height=200&auto=webp&format=jpg&fit=crop&v=1496162725"
        />
      </div>
      <h5
        class="c12"
      >
        Madame D's
      </h5>
      <ul
        class="c13"
      >
        <li>
          Chicken
        </li>
        <span
          class="c14"
        >
          ·
        </span>
        <li>
          Indian
        </li>
        <span
          class="c14"
        >
          ·
        </span>
        <li>
          Tibetan
        </li>
        <span
          class="c14"
        >
          ·
        </span>
        <li>
          Chinese
        </li>
        <span
          class="c14"
        >
          ·
        </span>
        ££
      </ul>
    </a>
    <a
      class="c9"
      href="https://deliveroo.co.uk/menu/london/whitechapel/sushinoen-express"
      rel="noopener noreferrer"
      target="_blank"
    >
      <div
        class="c10"
      >
        <img
          alt="SUSHINOEN - Platters"
          class="c11"
          src="https://f.roocdn.com/images/menus/48063/header-image.jpg?width=360&height=200&auto=webp&format=jpg&fit=crop&v=1509985928"
        />
      </div>
      <h5
        class="c12"
      >
        SUSHINOEN - Platters
      </h5>
      <ul
        class="c13"
      >
        <li>
          Japanese
        </li>
        <span
          class="c14"
        >
          ·
        </span>
        <li>
          Sushi
        </li>
        <span
          class="c14"
        >
          ·
        </span>
        <li>
          Alcohol
        </li>
        <span
          class="c14"
        >
          ·
        </span>
        ££
      </ul>
    </a>
    <a
      class="c9"
      href="https://deliveroo.co.uk/menu/london/whitechapel/sushino-en"
      rel="noopener noreferrer"
      target="_blank"
    >
      <div
        class="c10"
      >
        <img
          alt="SUSHINOEN"
          class="c11"
          src="https://f.roocdn.com/images/menus/12348/header-image.jpg?width=360&height=200&auto=webp&format=jpg&fit=crop&v=1504027433"
        />
      </div>
      <h5
        class="c12"
      >
        SUSHINOEN
      </h5>
      <ul
        class="c13"
      >
        <li>
          Japanese
        </li>
        <span
          class="c14"
        >
          ·
        </span>
        <li>
          Sushi
        </li>
        <span
          class="c14"
        >
          ·
        </span>
        <li>
          Noodles
        </li>
        <span
          class="c14"
        >
          ·
        </span>
        ££
      </ul>
    </a>
    <a
      class="c9"
      href="https://deliveroo.co.uk/menu/london/brick-lane/japanika"
      rel="noopener noreferrer"
      target="_blank"
    >
      <div
        class="c10"
      >
        <img
          alt="Japanika"
          class="c11"
          src="https://f.roocdn.com/images/menus/51477/header-image.jpg?width=360&height=200&auto=webp&format=jpg&fit=crop&v=1513955042"
        />
      </div>
      <h5
        class="c12"
      >
        Japanika
      </h5>
      <ul
        class="c13"
      >
        <li>
          Japanese
        </li>
        <span
          class="c14"
        >
          ·
        </span>
        <li>
          Sushi
        </li>
        <span
          class="c14"
        >
          ·
        </span>
        ££
      </ul>
    </a>
    <a
      class="c9"
      href="https://deliveroo.co.uk/menu/london/old-street/smokin-lotus"
      rel="noopener noreferrer"
      target="_blank"
    >
      <div
        class="c10"
      >
        <img
          alt="Smokin' Lotus"
          class="c11"
          src="https://f.roocdn.com/images/menus/51519/header-image.jpg?width=360&height=200&auto=webp&format=jpg&fit=crop&v=1513855186"
        />
      </div>
      <h5
        class="c12"
      >
        Smokin' Lotus
      </h5>
      <ul
        class="c13"
      >
        £
      </ul>
    </a>
    <a
      class="c9"
      href="https://deliveroo.co.uk/menu/london/old-street/enoteca-da-luca"
      rel="noopener noreferrer"
      target="_blank"
    >
      <div
        class="c10"
      >
        <img
          alt="Enoteca Da Luca"
          class="c11"
          src="https://f.roocdn.com/images/menus/57497/header-image.jpg?width=360&height=200&auto=webp&format=jpg&fit=crop&v=1520861191"
        />
      </div>
      <h5
        class="c12"
      >
        Enoteca Da Luca
      </h5>
      <ul
        class="c13"
      >
        <li>
          Pizza
        </li>
        <span
          class="c14"
        >
          ·
        </span>
        <li>
          Pasta
        </li>
        <span
          class="c14"
        >
          ·
        </span>
        <li>
          Italian
        </li>
        <span
          class="c14"
        >
          ·
        </span>
        ££
      </ul>
    </a>
    <a
      class="c9"
      href="https://deliveroo.co.uk/menu/london/shoreditch/redemption-shoreditch"
      rel="noopener noreferrer"
      target="_blank"
    >
      <div
        class="c10"
      >
        <img
          alt="Redemption"
          class="c11"
          src="https://f.roocdn.com/images/menus/15343/header-image.jpg?width=360&height=200&auto=webp&format=jpg&fit=crop&v=1479227689"
        />
      </div>
      <h5
        class="c12"
      >
        Redemption
      </h5>
      <ul
        class="c13"
      >
        <li>
          Brunch
        </li>
        <span
          class="c14"
        >
          ·
        </span>
        <li>
          Sweet Treats
        </li>
        <span
          class="c14"
        >
          ·
        </span>
        <li>
          Vegan
        </li>
        <span
          class="c14"
        >
          ·
        </span>
        <li>
          Vegetarian
        </li>
        <span
          class="c14"
        >
          ·
        </span>
        £
      </ul>
    </a>
    <a
      class="c9"
      href="https://deliveroo.co.uk/menu/london/the-city/kurumaya"
      rel="noopener noreferrer"
      target="_blank"
    >
      <div
        class="c10"
      >
        <img
          alt="Kurumaya"
          class="c11"
          src="https://f.roocdn.com/images/menus/46708/header-image.jpg?width=360&height=200&auto=webp&format=jpg&fit=crop&v=1508237245"
        />
      </div>
      <h5
        class="c12"
      >
        Kurumaya
      </h5>
      <ul
        class="c13"
      >
        <li>
          Japanese
        </li>
        <span
          class="c14"
        >
          ·
        </span>
        <li>
          Drinks
        </li>
        <span
          class="c14"
        >
          ·
        </span>
        ££
      </ul>
    </a>
    <a
      class="c9"
      href="https://deliveroo.co.uk/menu/london/whitechapel/cafe-spice-namaste"
      rel="noopener noreferrer"
      target="_blank"
    >
      <div
        class="c10"
      >
        <img
          alt="Café Spice Namaste"
          class="c11"
          src="https://f.roocdn.com/images/menu_tags/13/menu-tag-image.jpg?width=360&height=200&auto=webp&format=jpg&fit=crop&v="
        />
      </div>
      <h5
        class="c12"
      >
        Café Spice Namaste
      </h5>
      <ul
        class="c13"
      >
        <li>
          Indian
        </li>
        <span
          class="c14"
        >
          ·
        </span>
        <li>
          Curry
        </li>
        <span
          class="c14"
        >
          ·
        </span>
        <li>
          Vegetarian
        </li>
        <span
          class="c14"
        >
          ·
        </span>
        ££
      </ul>
    </a>
  </div>
</div>
`;
